// Jest Snapshot v1, https://goo.gl/fbAQLP

exports[`<Main /> should render the heading 1`] = `
.c0 {
  background-color: #06092b;
  color: #ffffff;
  width: 100%;
  height: 100%;
  padding: 3rem;
  text-align: center;
  display: -webkit-box;
  display: -webkit-flex;
  display: -ms-flexbox;
  display: flex;
  -webkit-flex-direction: column;
  -ms-flex-direction: column;
  flex-direction: column;
  -webkit-align-items: center;
  -webkit-box-align: center;
  -ms-flex-align: center;
  align-items: center;
  -webkit-box-pack: center;
  -webkit-justify-content: center;
  -ms-flex-pack: center;
  justify-content: center;
}

.c1 {
  width: 25rem;
  margin-bottom: 2rem;
}

.c3 {
  font-size: 2.5rem;
}

.c4 {
  font-size: 2rem;
  font-weight: 400;
}

.c2 {
  margin-top: 3rem;
  width: min(30rem,100%);
}

<main
  class="c0"
>
  <img
    alt="Logo da AdebSystem"
    class="c1"
    src="/img/logo.svg"
  />
  <img
    class="c2"
    src="/img/undraw_my_current_location_om7g.svg"
  />
  <h1
    class="c3"
  >
    Adebsystem
  </h1>
  <h2
    class="c4"
  >
    App para localização das igrejas
  </h2>
</main>
`;
